EN siggencontrol NULL "C:/Users/ulrik/OneDrive - Danmarks Tekniske Universitet/2. semester/3 ugers - Digitaldesign/SigGenSpiControl/SigGenSpiControl.vhd" sub00/vhpl02 1597231284
AR siggenspicontrol behavioral "C:/Users/ulrik/OneDrive - Danmarks Tekniske Universitet/2. semester/3 ugers - Digitaldesign/SigGenSpiControl/SigGenSpiControl.vhd" sub00/vhpl01 1597157908
EN siggenspicontrol NULL "C:/Users/ulrik/OneDrive - Danmarks Tekniske Universitet/2. semester/3 ugers - Digitaldesign/SigGenSpiControl/SigGenSpiControl.vhd" sub00/vhpl00 1597157907
AR siggencontrol behavioral "C:/Users/ulrik/OneDrive - Danmarks Tekniske Universitet/2. semester/3 ugers - Digitaldesign/SigGenSpiControl/SigGenSpiControl.vhd" sub00/vhpl03 1597231285
